** Drc report for Peak_Control_HAT_SSR_RevA.kicad_pcb **
** Created on 2026-08-30T20:34:28 **
** Report includes: Errors, Warnings **

** Found 8 DRC violations **
[lib_footprint_mismatch]: Footprint 'MountingHole_2.7mm_M2.5' does not match copy in library 'MountingHole'
    Local override; warning
    @(61.5000 mm, 3.5000 mm): Footprint <no reference designator>
[lib_footprint_mismatch]: Footprint 'MountingHole_3.2mm_M3' does not match copy in library 'MountingHole'
    Local override; warning
    @(16.5000 mm, 47.0000 mm): Footprint <no reference designator>
[lib_footprint_mismatch]: Footprint 'MountingHole_3.2mm_M3' does not match copy in library 'MountingHole'
    Local override; warning
    @(16.5000 mm, 15.0000 mm): Footprint <no reference designator>
[lib_footprint_mismatch]: Footprint 'MountingHole_3.2mm_M3' does not match copy in library 'MountingHole'
    Local override; warning
    @(48.5000 mm, 15.0000 mm): Footprint <no reference designator>
[lib_footprint_mismatch]: Footprint 'MountingHole_2.7mm_M2.5' does not match copy in library 'MountingHole'
    Local override; warning
    @(61.5000 mm, 52.5000 mm): Footprint <no reference designator>
[lib_footprint_mismatch]: Footprint 'MountingHole_2.7mm_M2.5' does not match copy in library 'MountingHole'
    Local override; warning
    @(3.5000 mm, 52.5000 mm): Footprint <no reference designator>
[lib_footprint_mismatch]: Footprint 'MountingHole_2.7mm_M2.5' does not match copy in library 'MountingHole'
    Local override; warning
    @(3.5000 mm, 3.5000 mm): Footprint <no reference designator>
[lib_footprint_mismatch]: Footprint 'MountingHole_3.2mm_M3' does not match copy in library 'MountingHole'
    Local override; warning
    @(48.5000 mm, 47.0000 mm): Footprint <no reference designator>

** Found 66 unconnected pads **
[unconnected_items]: Missing connection between items
    Local override; error
    @(87.0000 mm, 55.5000 mm): Pad 1 [Net-(R11-Pad1)] of R11 on F.Cu
    @(89.9250 mm, 57.7300 mm): Pad 1 [Net-(R11-Pad1)] of U1 on F.Cu
[unconnected_items]: Missing connection between items
    Local override; error
    @(18.5300 mm, 4.7700 mm): PTH pad 9 [/PI_GND] of J1
    @(13.4500 mm, 7.3100 mm): PTH pad 6 [/PI_GND] of J1
[unconnected_items]: Missing connection between items
    Local override; error
    @(23.6100 mm, 7.3100 mm): PTH pad 14 [/PI_GND] of J1
    @(18.5300 mm, 4.7700 mm): PTH pad 9 [/PI_GND] of J1
[unconnected_items]: Missing connection between items
    Local override; error
    @(23.6100 mm, 7.3100 mm): PTH pad 14 [/PI_GND] of J1
    @(31.2300 mm, 7.3100 mm): PTH pad 20 [/PI_GND] of J1
[unconnected_items]: Missing connection between items
    Local override; error
    @(23.6100 mm, 7.3100 mm): PTH pad 14 [/PI_GND] of J1
    @(19.3400 mm, 64.0000 mm): PTH pad 2 [/PI_GND] of J11
[unconnected_items]: Missing connection between items
    Local override; error
    @(38.8500 mm, 4.7700 mm): PTH pad 25 [/PI_GND] of J1
    @(43.9300 mm, 7.3100 mm): PTH pad 30 [/PI_GND] of J1
[unconnected_items]: Missing connection between items
    Local override; error
    @(38.8500 mm, 4.7700 mm): PTH pad 25 [/PI_GND] of J1
    @(31.2300 mm, 7.3100 mm): PTH pad 20 [/PI_GND] of J1
[unconnected_items]: Missing connection between items
    Local override; error
    @(43.9300 mm, 7.3100 mm): PTH pad 30 [/PI_GND] of J1
    @(49.0100 mm, 7.3100 mm): PTH pad 34 [/PI_GND] of J1
[unconnected_items]: Missing connection between items
    Local override; error
    @(49.0100 mm, 7.3100 mm): PTH pad 34 [/PI_GND] of J1
    @(56.6300 mm, 4.7700 mm): PTH pad 39 [/PI_GND] of J1
[unconnected_items]: Missing connection between items
    Local override; error
    @(89.9250 mm, 13.7700 mm): Pad 2 [/PI_GND] of U4 on F.Cu
    @(56.6300 mm, 4.7700 mm): PTH pad 39 [/PI_GND] of J1
[unconnected_items]: Missing connection between items
    Local override; error
    @(89.9250 mm, 29.2700 mm): Pad 2 [/PI_GND] of U3 on F.Cu
    @(89.9250 mm, 13.7700 mm): Pad 2 [/PI_GND] of U4 on F.Cu
[unconnected_items]: Missing connection between items
    Local override; error
    @(89.9250 mm, 44.7700 mm): Pad 2 [/PI_GND] of U2 on F.Cu
    @(89.9250 mm, 29.2700 mm): Pad 2 [/PI_GND] of U3 on F.Cu
[unconnected_items]: Missing connection between items
    Local override; error
    @(89.9250 mm, 60.2700 mm): Pad 2 [/PI_GND] of U1 on F.Cu
    @(89.9250 mm, 44.7700 mm): Pad 2 [/PI_GND] of U2 on F.Cu
[unconnected_items]: Missing connection between items
    Local override; error
    @(53.1000 mm, 62.0000 mm): PTH pad 1 [/+24V_FIELD] of F1
    @(53.1000 mm, 67.0000 mm): PTH pad 1 [/+24V_FIELD] of F1
[unconnected_items]: Missing connection between items
    Local override; error
    @(53.1000 mm, 62.0000 mm): PTH pad 1 [/+24V_FIELD] of F1
    @(65.8000 mm, 57.5000 mm): Pad 1 [/+24V_FIELD] of D1 on F.Cu
[unconnected_items]: Missing connection between items
    Local override; error
    @(67.8473 mm, 49.5000 mm): PTH pad 1 [/+24V_FIELD] of C1
    @(65.8000 mm, 57.5000 mm): Pad 1 [/+24V_FIELD] of D1 on F.Cu
[unconnected_items]: Missing connection between items
    Local override; error
    @(67.8473 mm, 49.5000 mm): PTH pad 1 [/+24V_FIELD] of C1
    @(69.5000 mm, 38.0449 mm): PTH pad 1 [/+24V_FIELD] of C31
[unconnected_items]: Missing connection between items
    Local override; error
    @(69.5000 mm, 38.0449 mm): PTH pad 1 [/+24V_FIELD] of C31
    @(59.0000 mm, 37.5000 mm): PTH pad 1 [/+24V_FIELD] of U5
[unconnected_items]: Missing connection between items
    Local override; error
    @(76.0000 mm, 55.0375 mm): Pad 1 [/+24V_FIELD] of C2 on F.Cu
    @(67.8473 mm, 49.5000 mm): PTH pad 1 [/+24V_FIELD] of C1
[unconnected_items]: Missing connection between items
    Local override; error
    @(76.0000 mm, 55.0375 mm): Pad 1 [/+24V_FIELD] of C2 on F.Cu
    @(96.0750 mm, 60.2700 mm): Pad 3 [/+24V_FIELD] of U1 on F.Cu
[unconnected_items]: Missing connection between items
    Local override; error
    @(96.0750 mm, 29.2700 mm): Pad 3 [/+24V_FIELD] of U3 on F.Cu
    @(96.0750 mm, 13.7700 mm): Pad 3 [/+24V_FIELD] of U4 on F.Cu
[unconnected_items]: Missing connection between items
    Local override; error
    @(96.0750 mm, 44.7700 mm): Pad 3 [/+24V_FIELD] of U2 on F.Cu
    @(96.0750 mm, 29.2700 mm): Pad 3 [/+24V_FIELD] of U3 on F.Cu
[unconnected_items]: Missing connection between items
    Local override; error
    @(96.0750 mm, 60.2700 mm): Pad 3 [/+24V_FIELD] of U1 on F.Cu
    @(96.0750 mm, 44.7700 mm): Pad 3 [/+24V_FIELD] of U2 on F.Cu
[unconnected_items]: Missing connection between items
    Local override; error
    @(96.0750 mm, 57.7300 mm): Pad 4 [/OUT1_SW] of U1 on F.Cu
    @(100.5000 mm, 58.5800 mm): PTH pad 1 [/OUT1_SW] of D11
[unconnected_items]: Missing connection between items
    Local override; error
    @(100.5000 mm, 58.5800 mm): PTH pad 1 [/OUT1_SW] of D11
    @(109.5000 mm, 56.0800 mm): PTH pad 1 [/OUT1_SW] of J3
[unconnected_items]: Missing connection between items
    Local override; error
    @(8.3700 mm, 4.7700 mm): PTH pad 1 [/+3V3_PI] of J1
    @(11.5000 mm, 55.5000 mm): Pad 1 [/+3V3_PI] of R21 on F.Cu
[unconnected_items]: Missing connection between items
    Local override; error
    @(11.5000 mm, 55.5000 mm): Pad 1 [/+3V3_PI] of R21 on F.Cu
    @(14.2600 mm, 64.0000 mm): PTH pad 1 [/+3V3_PI] of J11
[unconnected_items]: Missing connection between items
    Local override; error
    @(17.5000 mm, 55.5000 mm): Pad 1 [/+3V3_PI] of R22 on F.Cu
    @(11.5000 mm, 55.5000 mm): Pad 1 [/+3V3_PI] of R21 on F.Cu
[unconnected_items]: Missing connection between items
    Local override; error
    @(29.5000 mm, 64.0000 mm): PTH pad 4 [/I2C_SCL_EXT] of J11
    @(31.5000 mm, 55.5000 mm): Pad 2 [/I2C_SCL_EXT] of R24 on F.Cu
[unconnected_items]: Missing connection between items
    Local override; error
    @(31.5000 mm, 55.5000 mm): Pad 2 [/I2C_SCL_EXT] of R24 on F.Cu
    @(19.5000 mm, 55.5000 mm): Pad 2 [/I2C_SCL_EXT] of R22 on F.Cu
[unconnected_items]: Missing connection between items
    Local override; error
    @(51.5500 mm, 7.3100 mm): PTH pad 36 [/GPIO16_OUT1] of J1
    @(89.0000 mm, 55.5000 mm): Pad 2 [/GPIO16_OUT1] of R11 on F.Cu
[unconnected_items]: Missing connection between items
    Local override; error
    @(87.0000 mm, 24.5000 mm): Pad 1 [Net-(R13-Pad1)] of R13 on F.Cu
    @(89.9250 mm, 26.7300 mm): Pad 1 [Net-(R13-Pad1)] of U3 on F.Cu
[unconnected_items]: Missing connection between items
    Local override; error
    @(96.0750 mm, 26.7300 mm): Pad 4 [/OUT3_SW] of U3 on F.Cu
    @(100.5000 mm, 27.0800 mm): PTH pad 1 [/OUT3_SW] of D13
[unconnected_items]: Missing connection between items
    Local override; error
    @(100.5000 mm, 27.0800 mm): PTH pad 1 [/OUT3_SW] of D13
    @(109.5000 mm, 25.0000 mm): PTH pad 1 [/OUT3_SW] of J5
[unconnected_items]: Missing connection between items
    Local override; error
    @(41.0000 mm, 57.5000 mm): PTH pad 2 [/FIELD_GND] of J12
    @(51.0000 mm, 54.4551 mm): PTH pad 2 [/FIELD_GND] of C32
[unconnected_items]: Missing connection between items
    Local override; error
    @(51.0000 mm, 54.4551 mm): PTH pad 2 [/FIELD_GND] of C32
    @(59.0000 mm, 40.0400 mm): PTH pad 2 [/FIELD_GND] of U5
[unconnected_items]: Missing connection between items
    Local override; error
    @(69.5000 mm, 40.0449 mm): PTH pad 2 [/FIELD_GND] of C31
    @(71.3473 mm, 49.5000 mm): PTH pad 2 [/FIELD_GND] of C1
[unconnected_items]: Missing connection between items
    Local override; error
    @(69.5000 mm, 40.0449 mm): PTH pad 2 [/FIELD_GND] of C31
    @(59.0000 mm, 40.0400 mm): PTH pad 2 [/FIELD_GND] of U5
[unconnected_items]: Missing connection between items
    Local override; error
    @(71.2000 mm, 57.5000 mm): Pad 2 [/FIELD_GND] of D1 on F.Cu
    @(76.0000 mm, 52.9625 mm): Pad 2 [/FIELD_GND] of C2 on F.Cu
[unconnected_items]: Missing connection between items
    Local override; error
    @(76.0000 mm, 52.9625 mm): Pad 2 [/FIELD_GND] of C2 on F.Cu
    @(71.3473 mm, 49.5000 mm): PTH pad 2 [/FIELD_GND] of C1
[unconnected_items]: Missing connection between items
    Local override; error
    @(76.0000 mm, 52.9625 mm): Pad 2 [/FIELD_GND] of C2 on F.Cu
    @(82.5350 mm, 63.1725 mm): PTH pad 2 [/FIELD_GND] of J2
[unconnected_items]: Missing connection between items
    Local override; error
    @(100.5000 mm, 16.9200 mm): PTH pad 2 [/FIELD_GND] of D13
    @(109.5000 mm, 19.9200 mm): PTH pad 2 [/FIELD_GND] of J5
[unconnected_items]: Missing connection between items
    Local override; error
    @(100.5000 mm, 16.9200 mm): PTH pad 2 [/FIELD_GND] of D13
    @(100.5000 mm, 1.9200 mm): PTH pad 2 [/FIELD_GND] of D14
[unconnected_items]: Missing connection between items
    Local override; error
    @(100.5000 mm, 32.9200 mm): PTH pad 2 [/FIELD_GND] of D12
    @(100.5000 mm, 48.4200 mm): PTH pad 2 [/FIELD_GND] of D11
[unconnected_items]: Missing connection between items
    Local override; error
    @(100.5000 mm, 48.4200 mm): PTH pad 2 [/FIELD_GND] of D11
    @(109.5000 mm, 51.0000 mm): PTH pad 2 [/FIELD_GND] of J3
[unconnected_items]: Missing connection between items
    Local override; error
    @(100.5000 mm, 48.4200 mm): PTH pad 2 [/FIELD_GND] of D11
    @(82.5350 mm, 63.1725 mm): PTH pad 2 [/FIELD_GND] of J2
[unconnected_items]: Missing connection between items
    Local override; error
    @(109.5000 mm, 4.5000 mm): PTH pad 2 [/FIELD_GND] of J6
    @(100.5000 mm, 1.9200 mm): PTH pad 2 [/FIELD_GND] of D14
[unconnected_items]: Missing connection between items
    Local override; error
    @(109.5000 mm, 35.5000 mm): PTH pad 2 [/FIELD_GND] of J4
    @(100.5000 mm, 32.9200 mm): PTH pad 2 [/FIELD_GND] of D12
[unconnected_items]: Missing connection between items
    Local override; error
    @(109.5000 mm, 35.5000 mm): PTH pad 2 [/FIELD_GND] of J4
    @(109.5000 mm, 19.9200 mm): PTH pad 2 [/FIELD_GND] of J5
[unconnected_items]: Missing connection between items
    Local override; error
    @(87.0000 mm, 40.0000 mm): Pad 1 [Net-(R12-Pad1)] of R12 on F.Cu
    @(89.9250 mm, 42.2300 mm): Pad 1 [Net-(R12-Pad1)] of U2 on F.Cu
[unconnected_items]: Missing connection between items
    Local override; error
    @(51.5500 mm, 4.7700 mm): PTH pad 35 [/GPIO19_OUT2] of J1
    @(89.0000 mm, 40.0000 mm): Pad 2 [/GPIO19_OUT2] of R12 on F.Cu
[unconnected_items]: Missing connection between items
    Local override; error
    @(70.9000 mm, 62.0000 mm): PTH pad 2 [Net-(J2-Pin_1)] of F1
    @(70.9000 mm, 67.0000 mm): PTH pad 2 [Net-(J2-Pin_1)] of F1
[unconnected_items]: Missing connection between items
    Local override; error
    @(77.4550 mm, 63.1725 mm): PTH pad 1 [Net-(J2-Pin_1)] of J2
    @(70.9000 mm, 62.0000 mm): PTH pad 2 [Net-(J2-Pin_1)] of F1
[unconnected_items]: Missing connection between items
    Local override; error
    @(96.0750 mm, 11.2300 mm): Pad 4 [/OUT4_SW] of U4 on F.Cu
    @(100.5000 mm, 12.0800 mm): PTH pad 1 [/OUT4_SW] of D14
[unconnected_items]: Missing connection between items
    Local override; error
    @(100.5000 mm, 12.0800 mm): PTH pad 1 [/OUT4_SW] of D14
    @(109.5000 mm, 9.5800 mm): PTH pad 1 [/OUT4_SW] of J6
[unconnected_items]: Missing connection between items
    Local override; error
    @(13.4500 mm, 4.7700 mm): PTH pad 5 [/I2C_SCL_GPIO3] of J1
    @(29.5000 mm, 55.5000 mm): Pad 1 [/I2C_SCL_GPIO3] of R24 on F.Cu
[unconnected_items]: Missing connection between items
    Local override; error
    @(26.1500 mm, 4.7700 mm): PTH pad 15 [/GPIO22_OUT3] of J1
    @(89.0000 mm, 24.5000 mm): Pad 2 [/GPIO22_OUT3] of R13 on F.Cu
[unconnected_items]: Missing connection between items
    Local override; error
    @(10.9100 mm, 4.7700 mm): PTH pad 3 [/I2C_SDA_GPIO2] of J1
    @(23.5000 mm, 55.5000 mm): Pad 1 [/I2C_SDA_GPIO2] of R23 on F.Cu
[unconnected_items]: Missing connection between items
    Local override; error
    @(24.4200 mm, 64.0000 mm): PTH pad 3 [/I2C_SDA_EXT] of J11
    @(25.5000 mm, 55.5000 mm): Pad 2 [/I2C_SDA_EXT] of R23 on F.Cu
[unconnected_items]: Missing connection between items
    Local override; error
    @(25.5000 mm, 55.5000 mm): Pad 2 [/I2C_SDA_EXT] of R23 on F.Cu
    @(13.5000 mm, 55.5000 mm): Pad 2 [/I2C_SDA_EXT] of R21 on F.Cu
[unconnected_items]: Missing connection between items
    Local override; error
    @(87.0000 mm, 9.0000 mm): Pad 1 [Net-(R14-Pad1)] of R14 on F.Cu
    @(89.9250 mm, 11.2300 mm): Pad 1 [Net-(R14-Pad1)] of U4 on F.Cu
[unconnected_items]: Missing connection between items
    Local override; error
    @(96.0750 mm, 42.2300 mm): Pad 4 [/OUT2_SW] of U2 on F.Cu
    @(100.5000 mm, 43.0800 mm): PTH pad 1 [/OUT2_SW] of D12
[unconnected_items]: Missing connection between items
    Local override; error
    @(100.5000 mm, 43.0800 mm): PTH pad 1 [/OUT2_SW] of D12
    @(109.5000 mm, 40.5800 mm): PTH pad 1 [/OUT2_SW] of J4
[unconnected_items]: Missing connection between items
    Local override; error
    @(26.1500 mm, 7.3100 mm): PTH pad 16 [/GPIO23_OUT4] of J1
    @(89.0000 mm, 9.0000 mm): Pad 2 [/GPIO23_OUT4] of R14 on F.Cu
[unconnected_items]: Missing connection between items
    Local override; error
    @(41.0000 mm, 60.0000 mm): PTH pad 1 [/+5V_FAN] of J12
    @(51.0000 mm, 56.4551 mm): PTH pad 1 [/+5V_FAN] of C32
[unconnected_items]: Missing connection between items
    Local override; error
    @(51.0000 mm, 56.4551 mm): PTH pad 1 [/+5V_FAN] of C32
    @(59.0000 mm, 42.5800 mm): PTH pad 3 [/+5V_FAN] of U5

** Found 0 Footprint errors **

** Ignored checks **
    - Footprint has no courtyard defined
    - Track endpoint not centered on via
    - Tuning profile track geometries
    - Footprint doesn't match symbol's footprint filters
    - Footprint component type doesn't match footprint pads

** End of Report **
