ERC report (2026-08-30T20:20:18, Encoding UTF8)
Report includes: Errors, Warnings, Exclusions

***** Sheet /
[power_pin_not_driven]: Input Power pin not driven by any Output Power pins
    ; error
    @(6750 mils, 1550 mils): Symbol U5 Pin 1 [IN, Power input, Line]
[power_pin_not_driven]: Input Power pin not driven by any Output Power pins
    ; error
    @(7050 mils, 1850 mils): Symbol U5 Pin 2 [GND, Power input, Line]
[pin_not_connected]: Pin not connected
    ; error
    @(9650 mils, 1250 mils): Symbol J1 Pin 7 [Pin_7, Passive, Line]
[pin_not_connected]: Pin not connected
    ; error
    @(9650 mils, 1450 mils): Symbol J1 Pin 11 [Pin_11, Passive, Line]
[pin_not_connected]: Pin not connected
    ; error
    @(9650 mils, 1550 mils): Symbol J1 Pin 13 [Pin_13, Passive, Line]
[pin_not_connected]: Pin not connected
    ; error
    @(9650 mils, 1750 mils): Symbol J1 Pin 17 [Pin_17, Passive, Line]
[pin_not_connected]: Pin not connected
    ; error
    @(9650 mils, 1850 mils): Symbol J1 Pin 19 [Pin_19, Passive, Line]
[pin_not_connected]: Pin not connected
    ; error
    @(9650 mils, 1950 mils): Symbol J1 Pin 21 [Pin_21, Passive, Line]
[pin_not_connected]: Pin not connected
    ; error
    @(9650 mils, 2050 mils): Symbol J1 Pin 23 [Pin_23, Passive, Line]
[pin_not_connected]: Pin not connected
    ; error
    @(9650 mils, 2250 mils): Symbol J1 Pin 27 [Pin_27, Passive, Line]
[pin_not_connected]: Pin not connected
    ; error
    @(9650 mils, 2350 mils): Symbol J1 Pin 29 [Pin_29, Passive, Line]
[pin_not_connected]: Pin not connected
    ; error
    @(9650 mils, 2450 mils): Symbol J1 Pin 31 [Pin_31, Passive, Line]
[pin_not_connected]: Pin not connected
    ; error
    @(9650 mils, 2550 mils): Symbol J1 Pin 33 [Pin_33, Passive, Line]
[pin_not_connected]: Pin not connected
    ; error
    @(9650 mils, 2750 mils): Symbol J1 Pin 37 [Pin_37, Passive, Line]
[pin_not_connected]: Pin not connected
    ; error
    @(10150 mils, 950 mils): Symbol J1 Pin 2 [Pin_2, Passive, Line]
[pin_not_connected]: Pin not connected
    ; error
    @(10150 mils, 1050 mils): Symbol J1 Pin 4 [Pin_4, Passive, Line]
[pin_not_connected]: Pin not connected
    ; error
    @(10150 mils, 1250 mils): Symbol J1 Pin 8 [Pin_8, Passive, Line]
[pin_not_connected]: Pin not connected
    ; error
    @(10150 mils, 1350 mils): Symbol J1 Pin 10 [Pin_10, Passive, Line]
[pin_not_connected]: Pin not connected
    ; error
    @(10150 mils, 1450 mils): Symbol J1 Pin 12 [Pin_12, Passive, Line]
[pin_not_connected]: Pin not connected
    ; error
    @(10150 mils, 1750 mils): Symbol J1 Pin 18 [Pin_18, Passive, Line]
[pin_not_connected]: Pin not connected
    ; error
    @(10150 mils, 1950 mils): Symbol J1 Pin 22 [Pin_22, Passive, Line]
[pin_not_connected]: Pin not connected
    ; error
    @(10150 mils, 2050 mils): Symbol J1 Pin 24 [Pin_24, Passive, Line]
[pin_not_connected]: Pin not connected
    ; error
    @(10150 mils, 2150 mils): Symbol J1 Pin 26 [Pin_26, Passive, Line]
[pin_not_connected]: Pin not connected
    ; error
    @(10150 mils, 2250 mils): Symbol J1 Pin 28 [Pin_28, Passive, Line]
[pin_not_connected]: Pin not connected
    ; error
    @(10150 mils, 2450 mils): Symbol J1 Pin 32 [Pin_32, Passive, Line]
[pin_not_connected]: Pin not connected
    ; error
    @(10150 mils, 2750 mils): Symbol J1 Pin 38 [Pin_38, Passive, Line]
[pin_not_connected]: Pin not connected
    ; error
    @(10150 mils, 2850 mils): Symbol J1 Pin 40 [Pin_40, Passive, Line]
[pin_to_pin]: Pins of type Unspecified and Passive are connected
    ; warning
    @(1700 mils, 3400 mils): Symbol U1 Pin 1 [1, Unspecified, Line]
    @(1550 mils, 3400 mils): Symbol R11 Pin 1 [Passive, Line]
[pin_to_pin]: Pins of type Unspecified and Unspecified are connected
    ; warning
    @(1700 mils, 3800 mils): Symbol U1 Pin 2 [2, Unspecified, Line]
    @(1700 mils, 5050 mils): Symbol U3 Pin 2 [2, Unspecified, Line]
[pin_to_pin]: Pins of type Unspecified and Passive are connected
    ; warning
    @(1700 mils, 4650 mils): Symbol U3 Pin 1 [1, Unspecified, Line]
    @(1650 mils, 4650 mils): Symbol R13 Pin 1 [Passive, Line]
[pin_to_pin]: Pins of type Unspecified and Passive are connected
    ; warning
    @(1700 mils, 5050 mils): Symbol U3 Pin 2 [2, Unspecified, Line]
    @(1200 mils, 6600 mils): Symbol J11 Pin 2 [Pin_2, Passive, Line]
[pin_to_pin]: Pins of type Unspecified and Passive are connected
    ; warning
    @(2800 mils, 3400 mils): Symbol U1 Pin 4 [4, Unspecified, Line]
    @(3550 mils, 3300 mils): Symbol D11 Pin 1 [K, Passive, Line]
[pin_to_pin]: Pins of type Unspecified and Unspecified are connected
    ; warning
    @(2800 mils, 3800 mils): Symbol U1 Pin 3 [3, Unspecified, Line]
    @(2800 mils, 5050 mils): Symbol U3 Pin 3 [3, Unspecified, Line]
[pin_to_pin]: Pins of type Unspecified and Passive are connected
    ; warning
    @(2800 mils, 4650 mils): Symbol U3 Pin 4 [4, Unspecified, Line]
    @(3600 mils, 4700 mils): Symbol D13 Pin 1 [K, Passive, Line]
[pin_to_pin]: Pins of type Unspecified and Passive are connected
    ; warning
    @(2800 mils, 5050 mils): Symbol U3 Pin 3 [3, Unspecified, Line]
    @(3000 mils, 1300 mils): Symbol C1 Pin 1 [Passive, Line]
[pin_to_pin]: Pins of type Unspecified and Passive are connected
    ; warning
    @(7050 mils, 5100 mils): Symbol U4 Pin 1 [1, Unspecified, Line]
    @(7000 mils, 5100 mils): Symbol R14 Pin 1 [Passive, Line]
[pin_to_pin]: Pins of type Unspecified and Passive are connected
    ; warning
    @(7050 mils, 5500 mils): Symbol U4 Pin 2 [2, Unspecified, Line]
    @(9650 mils, 2850 mils): Symbol J1 Pin 39 [Pin_39, Passive, Line]
[pin_to_pin]: Pins of type Unspecified and Passive are connected
    ; warning
    @(7150 mils, 3800 mils): Symbol U2 Pin 1 [1, Unspecified, Line]
    @(7050 mils, 3800 mils): Symbol R12 Pin 1 [Passive, Line]
[pin_to_pin]: Pins of type Unspecified and Unspecified are connected
    ; warning
    @(7150 mils, 4200 mils): Symbol U2 Pin 2 [2, Unspecified, Line]
    @(7050 mils, 5500 mils): Symbol U4 Pin 2 [2, Unspecified, Line]
[pin_to_pin]: Pins of type Unspecified and Passive are connected
    ; warning
    @(8150 mils, 5100 mils): Symbol U4 Pin 4 [4, Unspecified, Line]
    @(8900 mils, 5050 mils): Symbol D14 Pin 1 [K, Passive, Line]
[pin_to_pin]: Pins of type Unspecified and Power input are connected
    ; warning
    @(8150 mils, 5500 mils): Symbol U4 Pin 3 [3, Unspecified, Line]
    @(6750 mils, 1550 mils): Symbol U5 Pin 1 [IN, Power input, Line]
[pin_to_pin]: Pins of type Unspecified and Passive are connected
    ; warning
    @(8250 mils, 3800 mils): Symbol U2 Pin 4 [4, Unspecified, Line]
    @(8900 mils, 3700 mils): Symbol D12 Pin 1 [K, Passive, Line]
[pin_to_pin]: Pins of type Unspecified and Unspecified are connected
    ; warning
    @(8250 mils, 4200 mils): Symbol U2 Pin 3 [3, Unspecified, Line]
    @(8150 mils, 5500 mils): Symbol U4 Pin 3 [3, Unspecified, Line]

 ** ERC messages: 43  Errors 27  Warnings 16

 ** Ignored checks:
    - Global label only appears once in the schematic
    - Four connection points are joined together
    - SPICE model issue
    - Assigned footprint doesn't match footprint filters
